2025-08-24 18:25:09 UTC
macOS-15.5-arm64-arm-64bit
Ren'Py 8.4.1.25072401

Early init took 26 ms
Loading error handling took 23 ms
Loading script took 416 ms
Loading save slot metadata took 17 ms
Loading persistent took 0 ms

File "game/script.rpy", line 139: reached end of line when expecting ':'.
    if
       ^
DPI scale factor: 1.000000
Interface start took 258 ms

Initializing gl2 renderer:
primary display bounds: (0, 0, 1680, 1050)
swap interval: 1 frames
Windowed mode.
Vendor: 'Apple'
Renderer: 'Apple M1'
Version: '2.1 Metal - 89.4'
Display Info: <Info({'bitsize': 32, 'bytesize': 4, 'masks': (16711680, 65280, 255, 4278190080), 'shifts': (16, 8, 0, 24), 'losses': (0, 0, 0, 0), 'current_w': 1680, 'current_h': 1050, 'refresh_rate': 60, 'hw': False, 'wm': True, 'video_mem': 268435456, 'blit_hw': False, 'blit_hw_CC': False, 'blit_hw_A': False, 'blit_sw': False, 'blit_sw_CC': False, 'blit_sw_A': False})>
Screen sizes: virtual=(1920, 1080) physical=(645, 363) drawable=(1290, 726)
Maximum texture size: 4096x4096
Resetting cache.
Early init took 5 ms
Loading error handling took 12 ms
Loading script took 59 ms
Loading save slot metadata took 9 ms
Loading persistent took 0 ms
Running init code took 39 ms
Loading analysis data took 2 ms
Analyze and compile ATL took 1 ms
Reloading save slot metadata took 5 ms
Backing up script files to '/Users/kaindoy/Library/RenPy/backups/Inkbound':
Dump and make backups took 24 ms
Cleaning cache took 0 ms
Making clean stores took 0 ms
Initial gc took 18 ms
DPI scale factor: 1.000000
Creating interface object took 0 ms
Init translation took 0 ms
Cleaning stores took 0 ms
Load screen analysis took 0 ms
Analyze screens took 5 ms
Save screen analysis took 7 ms
Save pyanalysis took 0 ms
Save bytecode took 1 ms
Running _start took 0 ms
Interface start took 113 ms

Initializing gl2 renderer:
primary display bounds: (0, 0, 1680, 1050)
swap interval: 1 frames
Windowed mode.
Vendor: 'Apple'
Renderer: 'Apple M1'
Version: '2.1 Metal - 89.4'
Display Info: <Info({'bitsize': 32, 'bytesize': 4, 'masks': (16711680, 65280, 255, 4278190080), 'shifts': (16, 8, 0, 24), 'losses': (0, 0, 0, 0), 'current_w': 1680, 'current_h': 1050, 'refresh_rate': 60, 'hw': False, 'wm': True, 'video_mem': 268435456, 'blit_hw': False, 'blit_hw_CC': False, 'blit_hw_A': False, 'blit_sw': False, 'blit_sw_CC': False, 'blit_sw_A': False})>
Screen sizes: virtual=(1920, 1080) physical=(645, 363) drawable=(1290, 726)
Maximum texture size: 4096x4096

Full traceback:
  File "game/script.rpy", line 36, in script call
    call logbook        #using call here para makabalik to this point once it reaches the return statement sa logbook
  File "game/script.rpy", line 141, in script call
    call client1
  File "renpy/ast.py", line 1622, in execute
    rv = renpy.game.context().call(label, return_site=self.next.name)
         ~~~~~~~~~~~~~~~~~~~~~~~~~^^^^^^^^^^^^^^^^^^^^^^^^^^^^^^^^^^^
  File "game/script.rpy", line 36, in script call
    call logbook        #using call here para makabalik to this point once it reaches the return statement sa logbook
  File "game/script.rpy", line 141, in script call
    call client1
  File "renpy/script.py", line 1161, in lookup
    raise LabelNotFound(original)
renpy.script.LabelNotFound: could not find label 'client1'.

While running game code:
  File "game/script.rpy", line 36, in script call
    call logbook        #using call here para makabalik to this point once it reaches the return statement sa logbook
  File "game/script.rpy", line 141, in script call
    call client1
  File "game/script.rpy", line 36, in script call
    call logbook        #using call here para makabalik to this point once it reaches the return statement sa logbook
  File "game/script.rpy", line 141, in script call
    call client1
renpy.script.LabelNotFound: could not find label 'client1'.
Resetting cache.
Early init took 7 ms
Loading error handling took 9 ms
Loading script took 54 ms
Loading save slot metadata took 9 ms
Loading persistent took 0 ms
Running init code took 16 ms
Loading analysis data took 2 ms
Analyze and compile ATL took 1 ms
Reloading save slot metadata took 5 ms
Backing up script files to '/Users/kaindoy/Library/RenPy/backups/Inkbound':
Dump and make backups took 23 ms
Cleaning cache took 0 ms
Making clean stores took 0 ms
Initial gc took 23 ms
DPI scale factor: 1.000000
Creating interface object took 0 ms
Init translation took 0 ms
Cleaning stores took 0 ms
Load screen analysis took 0 ms
Analyze screens took 5 ms
Save screen analysis took 6 ms
Save pyanalysis took 0 ms
Save bytecode took 0 ms
Running _start took 0 ms
Interface start took 112 ms

Initializing gl2 renderer:
primary display bounds: (0, 0, 1680, 1050)
swap interval: 1 frames
Windowed mode.
Vendor: 'Apple'
Renderer: 'Apple M1'
Version: '2.1 Metal - 89.4'
Display Info: <Info({'bitsize': 32, 'bytesize': 4, 'masks': (16711680, 65280, 255, 4278190080), 'shifts': (16, 8, 0, 24), 'losses': (0, 0, 0, 0), 'current_w': 1680, 'current_h': 1050, 'refresh_rate': 60, 'hw': False, 'wm': True, 'video_mem': 268435456, 'blit_hw': False, 'blit_hw_CC': False, 'blit_hw_A': False, 'blit_sw': False, 'blit_sw_CC': False, 'blit_sw_A': False})>
Screen sizes: virtual=(1920, 1080) physical=(645, 363) drawable=(1290, 726)
Maximum texture size: 4096x4096

Full traceback:
  File "game/script.rpy", line 68, in script
    1 "Since this is a cover letter, what appropriate greeting should be used…"
  File "renpy/ast.py", line 2915, in execute
    Say.execute(self)
    ~~~~~~~~~~~^^^^^^
  File "renpy/ast.py", line 968, in execute
    raise Exception(f"Sayer {self.who!r} is not a function or string.")
Exception: Sayer '1' is not a function or string.

While running game code:
  File "game/script.rpy", line 68, in script
    1 "Since this is a cover letter, what appropriate greeting should be used…"
Exception: Sayer '1' is not a function or string.
Resetting cache.
Early init took 4 ms
Loading error handling took 10 ms
Loading script took 54 ms
Loading save slot metadata took 9 ms
Loading persistent took 0 ms
Running init code took 15 ms
Loading analysis data took 2 ms
Analyze and compile ATL took 1 ms
Reloading save slot metadata took 5 ms
Backing up script files to '/Users/kaindoy/Library/RenPy/backups/Inkbound':
Dump and make backups took 22 ms
Cleaning cache took 0 ms
Making clean stores took 0 ms
Initial gc took 23 ms
DPI scale factor: 1.000000
Creating interface object took 0 ms
Init translation took 0 ms
Cleaning stores took 0 ms
Load screen analysis took 0 ms
Analyze screens took 5 ms
Save screen analysis took 6 ms
Save pyanalysis took 0 ms
Save bytecode took 0 ms
Running _start took 0 ms
Interface start took 110 ms

Initializing gl2 renderer:
primary display bounds: (0, 0, 1680, 1050)
swap interval: 1 frames
Windowed mode.
Vendor: 'Apple'
Renderer: 'Apple M1'
Version: '2.1 Metal - 89.4'
Display Info: <Info({'bitsize': 32, 'bytesize': 4, 'masks': (16711680, 65280, 255, 4278190080), 'shifts': (16, 8, 0, 24), 'losses': (0, 0, 0, 0), 'current_w': 1680, 'current_h': 1050, 'refresh_rate': 60, 'hw': False, 'wm': True, 'video_mem': 268435456, 'blit_hw': False, 'blit_hw_CC': False, 'blit_hw_A': False, 'blit_sw': False, 'blit_sw_CC': False, 'blit_sw_A': False})>
Screen sizes: virtual=(1920, 1080) physical=(645, 363) drawable=(1290, 726)
Maximum texture size: 4096x4096

Full traceback:
  File "renpy/ast.py", line 625, in eval_who
    return renpy.python.py_eval(who)
           ~~~~~~~~~~~~~~~~~~~~^^^^^
  File "renpy/python.py", line 1292, in py_eval
    return py_eval_bytecode(code, globals, locals)
           ~~~~~~~~~~~~~~~~^^^^^^^^^^^^^^^^^^^^^^^
  File "renpy/python.py", line 1285, in py_eval_bytecode
    return eval(bytecode, globals, locals)
           ~~~~^^^^^^^^^^^^^^^^^^^^^^^^^^^
  File "<none>", line 1, in <module>
NameError: name 'l' is not defined

During handling of the above exception, another exception occurred:

Traceback (most recent call last):
  File "game/script.rpy", line 68, in script
    l "Since this is a cover letter, what appropriate greeting should be used…"
  File "renpy/ast.py", line 2915, in execute
    Say.execute(self)
    ~~~~~~~~~~~^^^^^^
  File "renpy/ast.py", line 956, in execute
    who = eval_who(self.who, self.who_fast)
          ~~~~~~~~^^^^^^^^^^^^^^^^^^^^^^^^^
  File "renpy/ast.py", line 627, in eval_who
    raise Exception("Sayer '%s' is not defined." % who)
Exception: Sayer 'l' is not defined.

While running game code:
NameError: name 'l' is not defined

During handling of the above exception, another exception occurred:

Traceback (most recent call last):
  File "game/script.rpy", line 68, in script
    l "Since this is a cover letter, what appropriate greeting should be used…"
Exception: Sayer 'l' is not defined.
Resetting cache.
Early init took 7 ms
Loading error handling took 8 ms
Loading script took 55 ms
Loading save slot metadata took 9 ms
Loading persistent took 0 ms
Running init code took 16 ms
Loading analysis data took 2 ms
Analyze and compile ATL took 1 ms
Reloading save slot metadata took 5 ms
Backing up script files to '/Users/kaindoy/Library/RenPy/backups/Inkbound':
Dump and make backups took 23 ms
Cleaning cache took 0 ms
Making clean stores took 0 ms
Initial gc took 23 ms
DPI scale factor: 1.000000
Creating interface object took 0 ms
Init translation took 0 ms
Cleaning stores took 0 ms
Load screen analysis took 0 ms
Analyze screens took 5 ms
Save screen analysis took 6 ms
Save pyanalysis took 0 ms
Save bytecode took 0 ms
Running _start took 0 ms
Interface start took 113 ms

Initializing gl2 renderer:
primary display bounds: (0, 0, 1680, 1050)
swap interval: 1 frames
Windowed mode.
Vendor: 'Apple'
Renderer: 'Apple M1'
Version: '2.1 Metal - 89.4'
Display Info: <Info({'bitsize': 32, 'bytesize': 4, 'masks': (16711680, 65280, 255, 4278190080), 'shifts': (16, 8, 0, 24), 'losses': (0, 0, 0, 0), 'current_w': 1680, 'current_h': 1050, 'refresh_rate': 60, 'hw': False, 'wm': True, 'video_mem': 268435456, 'blit_hw': False, 'blit_hw_CC': False, 'blit_hw_A': False, 'blit_sw': False, 'blit_sw_CC': False, 'blit_sw_A': False})>
Screen sizes: virtual=(1920, 1080) physical=(645, 363) drawable=(1290, 726)
Maximum texture size: 4096x4096
Resetting cache.
Early init took 7 ms
Loading error handling took 9 ms
Loading script took 51 ms
Loading save slot metadata took 9 ms
Loading persistent took 0 ms

File "game/script.rpy", line 89: Only one say menuitem may exist per menu.
    mc "My experiences (align/aligns) with your organization’s mission."
                                                                      ^

File "game/script.rpy", line 99: Only one say menuitem may exist per menu.
    mc "I (lead/led) multiple campaigns promoting composting and sustainability in urban neighborhoods."
                                                                                                        ^

File "game/script.rpy", line 109: Only one say menuitem may exist per menu.
    mc "I am familiar with local environmental regulations and (had/have) hands-on experience collecting field samples and recording environmental data."
                                                                                                                                                         ^

File "game/script.rpy", line 119: Only one say menuitem may exist per menu.
    mc "This role complements my commitment to (continuous/continuos) learning, professional growth, and taking part in impactful, on-the-ground environmental efforts."
                                                                                                                                                                        ^

File "game/script.rpy", line 129: Only one say menuitem may exist per menu.
    mc "I hope to contribute meaningfully (to/with) your mission and values."
                                                                             ^
DPI scale factor: 1.000000
Interface start took 59 ms

Initializing gl2 renderer:
primary display bounds: (0, 0, 1680, 1050)
swap interval: 1 frames
Windowed mode.
Vendor: 'Apple'
Renderer: 'Apple M1'
Version: '2.1 Metal - 89.4'
Display Info: <Info({'bitsize': 32, 'bytesize': 4, 'masks': (16711680, 65280, 255, 4278190080), 'shifts': (16, 8, 0, 24), 'losses': (0, 0, 0, 0), 'current_w': 1680, 'current_h': 1050, 'refresh_rate': 60, 'hw': False, 'wm': True, 'video_mem': 268435456, 'blit_hw': False, 'blit_hw_CC': False, 'blit_hw_A': False, 'blit_sw': False, 'blit_sw_CC': False, 'blit_sw_A': False})>
Screen sizes: virtual=(1920, 1080) physical=(645, 363) drawable=(1290, 726)
Maximum texture size: 4096x4096
Resetting cache.
Early init took 5 ms
Loading error handling took 10 ms
Loading script took 40 ms
Loading save slot metadata took 7 ms
Loading persistent took 0 ms

File "game/script.rpy", line 89: Captions and say menuitems may not exist in the same menu.
    "My experiences (align/aligns) with your organization’s mission."
                                                                   ^

File "game/script.rpy", line 99: Only one say menuitem may exist per menu.
    mc "I (lead/led) multiple campaigns promoting composting and sustainability in urban neighborhoods."
                                                                                                        ^

File "game/script.rpy", line 109: Only one say menuitem may exist per menu.
    mc "I am familiar with local environmental regulations and (had/have) hands-on experience collecting field samples and recording environmental data."
                                                                                                                                                         ^

File "game/script.rpy", line 119: Only one say menuitem may exist per menu.
    mc "This role complements my commitment to (continuous/continuos) learning, professional growth, and taking part in impactful, on-the-ground environmental efforts."
                                                                                                                                                                        ^

File "game/script.rpy", line 129: Only one say menuitem may exist per menu.
    mc "I hope to contribute meaningfully (to/with) your mission and values."
                                                                             ^
DPI scale factor: 1.000000
Interface start took 55 ms

Initializing gl2 renderer:
primary display bounds: (0, 0, 1680, 1050)
swap interval: 1 frames
Windowed mode.
Vendor: 'Apple'
Renderer: 'Apple M1'
Version: '2.1 Metal - 89.4'
Display Info: <Info({'bitsize': 32, 'bytesize': 4, 'masks': (16711680, 65280, 255, 4278190080), 'shifts': (16, 8, 0, 24), 'losses': (0, 0, 0, 0), 'current_w': 1680, 'current_h': 1050, 'refresh_rate': 60, 'hw': False, 'wm': True, 'video_mem': 268435456, 'blit_hw': False, 'blit_hw_CC': False, 'blit_hw_A': False, 'blit_sw': False, 'blit_sw_CC': False, 'blit_sw_A': False})>
Screen sizes: virtual=(1920, 1080) physical=(645, 363) drawable=(1290, 726)
Maximum texture size: 4096x4096
Resetting cache.
Early init took 4 ms
Loading error handling took 10 ms
Loading script took 39 ms
Loading save slot metadata took 7 ms
Loading persistent took 0 ms

File "game/script.rpy", line 89: Captions and say menuitems may not exist in the same menu.
    "My experiences (align/aligns) with your organization’s mission."
                                                                   ^

File "game/script.rpy", line 99: Only one say menuitem may exist per menu.
    mc "I (lead/led) multiple campaigns promoting composting and sustainability in urban neighborhoods."
                                                                                                        ^

File "game/script.rpy", line 109: Only one say menuitem may exist per menu.
    mc "I am familiar with local environmental regulations and (had/have) hands-on experience collecting field samples and recording environmental data."
                                                                                                                                                         ^

File "game/script.rpy", line 119: Only one say menuitem may exist per menu.
    mc "This role complements my commitment to (continuous/continuos) learning, professional growth, and taking part in impactful, on-the-ground environmental efforts."
                                                                                                                                                                        ^

File "game/script.rpy", line 129: Only one say menuitem may exist per menu.
    mc "I hope to contribute meaningfully (to/with) your mission and values."
                                                                             ^
DPI scale factor: 1.000000
Interface start took 52 ms

Initializing gl2 renderer:
primary display bounds: (0, 0, 1680, 1050)
swap interval: 1 frames
Windowed mode.
Vendor: 'Apple'
Renderer: 'Apple M1'
Version: '2.1 Metal - 89.4'
Display Info: <Info({'bitsize': 32, 'bytesize': 4, 'masks': (16711680, 65280, 255, 4278190080), 'shifts': (16, 8, 0, 24), 'losses': (0, 0, 0, 0), 'current_w': 1680, 'current_h': 1050, 'refresh_rate': 60, 'hw': False, 'wm': True, 'video_mem': 268435456, 'blit_hw': False, 'blit_hw_CC': False, 'blit_hw_A': False, 'blit_sw': False, 'blit_sw_CC': False, 'blit_sw_A': False})>
Screen sizes: virtual=(1920, 1080) physical=(645, 363) drawable=(1290, 726)
Maximum texture size: 4096x4096
Resetting cache.
Early init took 4 ms
Loading error handling took 9 ms
Loading script took 37 ms
Loading save slot metadata took 7 ms
Loading persistent took 0 ms

File "game/script.rpy", line 89: Captions and say menuitems may not exist in the same menu.
    "My experiences (align/aligns) with your organization’s mission."
                                                                   ^

File "game/script.rpy", line 99: Only one say menuitem may exist per menu.
    mc "I (lead/led) multiple campaigns promoting composting and sustainability in urban neighborhoods."
                                                                                                        ^

File "game/script.rpy", line 109: Only one say menuitem may exist per menu.
    mc "I am familiar with local environmental regulations and (had/have) hands-on experience collecting field samples and recording environmental data."
                                                                                                                                                         ^

File "game/script.rpy", line 119: Only one say menuitem may exist per menu.
    mc "This role complements my commitment to (continuous/continuos) learning, professional growth, and taking part in impactful, on-the-ground environmental efforts."
                                                                                                                                                                        ^

File "game/script.rpy", line 129: Only one say menuitem may exist per menu.
    mc "I hope to contribute meaningfully (to/with) your mission and values."
                                                                             ^
DPI scale factor: 1.000000
Interface start took 53 ms

Initializing gl2 renderer:
primary display bounds: (0, 0, 1680, 1050)
swap interval: 1 frames
Windowed mode.
Vendor: 'Apple'
Renderer: 'Apple M1'
Version: '2.1 Metal - 89.4'
Display Info: <Info({'bitsize': 32, 'bytesize': 4, 'masks': (16711680, 65280, 255, 4278190080), 'shifts': (16, 8, 0, 24), 'losses': (0, 0, 0, 0), 'current_w': 1680, 'current_h': 1050, 'refresh_rate': 60, 'hw': False, 'wm': True, 'video_mem': 268435456, 'blit_hw': False, 'blit_hw_CC': False, 'blit_hw_A': False, 'blit_sw': False, 'blit_sw_CC': False, 'blit_sw_A': False})>
Screen sizes: virtual=(1920, 1080) physical=(645, 363) drawable=(1290, 726)
Maximum texture size: 4096x4096
Resetting cache.
Early init took 4 ms
Loading error handling took 10 ms
Loading script took 39 ms
Loading save slot metadata took 7 ms
Loading persistent took 0 ms

File "game/script.rpy", line 89: Captions and say menuitems may not exist in the same menu.
    "My experiences (align/aligns) with your organization’s mission."
                                                                   ^

File "game/script.rpy", line 99: Only one say menuitem may exist per menu.
    mc "I (lead/led) multiple campaigns promoting composting and sustainability in urban neighborhoods."
                                                                                                        ^

File "game/script.rpy", line 109: Only one say menuitem may exist per menu.
    mc "I am familiar with local environmental regulations and (had/have) hands-on experience collecting field samples and recording environmental data."
                                                                                                                                                         ^

File "game/script.rpy", line 119: Only one say menuitem may exist per menu.
    mc "This role complements my commitment to (continuous/continuos) learning, professional growth, and taking part in impactful, on-the-ground environmental efforts."
                                                                                                                                                                        ^

File "game/script.rpy", line 129: Only one say menuitem may exist per menu.
    mc "I hope to contribute meaningfully (to/with) your mission and values."
                                                                             ^
DPI scale factor: 1.000000
Interface start took 52 ms

Initializing gl2 renderer:
primary display bounds: (0, 0, 1680, 1050)
swap interval: 1 frames
Windowed mode.
Vendor: 'Apple'
Renderer: 'Apple M1'
Version: '2.1 Metal - 89.4'
Display Info: <Info({'bitsize': 32, 'bytesize': 4, 'masks': (16711680, 65280, 255, 4278190080), 'shifts': (16, 8, 0, 24), 'losses': (0, 0, 0, 0), 'current_w': 1680, 'current_h': 1050, 'refresh_rate': 60, 'hw': False, 'wm': True, 'video_mem': 268435456, 'blit_hw': False, 'blit_hw_CC': False, 'blit_hw_A': False, 'blit_sw': False, 'blit_sw_CC': False, 'blit_sw_A': False})>
Screen sizes: virtual=(1920, 1080) physical=(645, 363) drawable=(1290, 726)
Maximum texture size: 4096x4096
Resetting cache.
Early init took 4 ms
Loading error handling took 9 ms
Loading script took 36 ms
Loading save slot metadata took 7 ms
Loading persistent took 0 ms

File "game/script.rpy", line 89: Captions and say menuitems may not exist in the same menu.
    "My experiences (align/aligns) with your organization’s mission."
                                                                   ^

File "game/script.rpy", line 99: Only one say menuitem may exist per menu.
    mc "I (lead/led) multiple campaigns promoting composting and sustainability in urban neighborhoods."
                                                                                                        ^

File "game/script.rpy", line 109: Only one say menuitem may exist per menu.
    mc "I am familiar with local environmental regulations and (had/have) hands-on experience collecting field samples and recording environmental data."
                                                                                                                                                         ^

File "game/script.rpy", line 119: Only one say menuitem may exist per menu.
    mc "This role complements my commitment to (continuous/continuos) learning, professional growth, and taking part in impactful, on-the-ground environmental efforts."
                                                                                                                                                                        ^

File "game/script.rpy", line 129: Only one say menuitem may exist per menu.
    mc "I hope to contribute meaningfully (to/with) your mission and values."
                                                                             ^
DPI scale factor: 1.000000
Interface start took 52 ms

Initializing gl2 renderer:
primary display bounds: (0, 0, 1680, 1050)
swap interval: 1 frames
Windowed mode.
Vendor: 'Apple'
Renderer: 'Apple M1'
Version: '2.1 Metal - 89.4'
Display Info: <Info({'bitsize': 32, 'bytesize': 4, 'masks': (16711680, 65280, 255, 4278190080), 'shifts': (16, 8, 0, 24), 'losses': (0, 0, 0, 0), 'current_w': 1680, 'current_h': 1050, 'refresh_rate': 60, 'hw': False, 'wm': True, 'video_mem': 268435456, 'blit_hw': False, 'blit_hw_CC': False, 'blit_hw_A': False, 'blit_sw': False, 'blit_sw_CC': False, 'blit_sw_A': False})>
Screen sizes: virtual=(1920, 1080) physical=(645, 363) drawable=(1290, 726)
Maximum texture size: 4096x4096
Resetting cache.
Early init took 9 ms
Loading error handling took 10 ms
Loading script took 62 ms
Loading save slot metadata took 10 ms
Loading persistent took 0 ms
Running init code took 32 ms
Loading analysis data took 5 ms
Analyze and compile ATL took 1 ms
Reloading save slot metadata took 5 ms
Backing up script files to '/Users/kaindoy/Library/RenPy/backups/Inkbound':
Dump and make backups took 23 ms
Cleaning cache took 0 ms
Making clean stores took 0 ms
Initial gc took 19 ms
DPI scale factor: 1.000000
Creating interface object took 0 ms
Init translation took 0 ms
Cleaning stores took 0 ms
Load screen analysis took 0 ms
Analyze screens took 5 ms
Save screen analysis took 6 ms
Save pyanalysis took 0 ms
Save bytecode took 1 ms
Running _start took 0 ms
Interface start took 114 ms

Initializing gl2 renderer:
primary display bounds: (0, 0, 1680, 1050)
swap interval: 1 frames
Windowed mode.
Vendor: 'Apple'
Renderer: 'Apple M1'
Version: '2.1 Metal - 89.4'
Display Info: <Info({'bitsize': 32, 'bytesize': 4, 'masks': (16711680, 65280, 255, 4278190080), 'shifts': (16, 8, 0, 24), 'losses': (0, 0, 0, 0), 'current_w': 1680, 'current_h': 1050, 'refresh_rate': 60, 'hw': False, 'wm': True, 'video_mem': 268435456, 'blit_hw': False, 'blit_hw_CC': False, 'blit_hw_A': False, 'blit_sw': False, 'blit_sw_CC': False, 'blit_sw_A': False})>
Screen sizes: virtual=(1920, 1080) physical=(645, 363) drawable=(1290, 726)
Maximum texture size: 4096x4096
Cleaning stores took 0 ms
Load screen analysis took 23 ms
Analyze screens took 0 ms
Running _start took 1 ms
Resetting cache.
Early init took 7 ms
Loading error handling took 9 ms
Loading script took 59 ms
Loading save slot metadata took 9 ms
Loading persistent took 0 ms
Running init code took 16 ms
Loading analysis data took 5 ms
Analyze and compile ATL took 1 ms
Reloading save slot metadata took 5 ms
Backing up script files to '/Users/kaindoy/Library/RenPy/backups/Inkbound':
Dump and make backups took 24 ms
Cleaning cache took 0 ms
Making clean stores took 0 ms
Initial gc took 26 ms
DPI scale factor: 1.000000
Creating interface object took 0 ms
Init translation took 0 ms
Cleaning stores took 0 ms
Load screen analysis took 0 ms
Analyze screens took 5 ms
Save screen analysis took 6 ms
Save pyanalysis took 0 ms
Save bytecode took 0 ms
Running _start took 0 ms
Interface start took 121 ms

Initializing gl2 renderer:
primary display bounds: (0, 0, 1680, 1050)
swap interval: 1 frames
Windowed mode.
Vendor: 'Apple'
Renderer: 'Apple M1'
Version: '2.1 Metal - 89.4'
Display Info: <Info({'bitsize': 32, 'bytesize': 4, 'masks': (16711680, 65280, 255, 4278190080), 'shifts': (16, 8, 0, 24), 'losses': (0, 0, 0, 0), 'current_w': 1680, 'current_h': 1050, 'refresh_rate': 60, 'hw': False, 'wm': True, 'video_mem': 268435456, 'blit_hw': False, 'blit_hw_CC': False, 'blit_hw_A': False, 'blit_sw': False, 'blit_sw_CC': False, 'blit_sw_A': False})>
Screen sizes: virtual=(1920, 1080) physical=(645, 363) drawable=(1290, 726)
Maximum texture size: 4096x4096
Cleaning stores took 0 ms
Load screen analysis took 23 ms
Analyze screens took 0 ms
Running _start took 1 ms
Resetting cache.
Early init took 6 ms
Loading error handling took 8 ms
Loading script took 60 ms
Loading save slot metadata took 10 ms
Loading persistent took 0 ms
Running init code took 17 ms
Loading analysis data took 2 ms
Analyze and compile ATL took 1 ms
Reloading save slot metadata took 6 ms
Backing up script files to '/Users/kaindoy/Library/RenPy/backups/Inkbound':
Dump and make backups took 24 ms
Cleaning cache took 0 ms
Making clean stores took 0 ms
Initial gc took 31 ms
DPI scale factor: 1.000000
Creating interface object took 0 ms
Init translation took 0 ms
Cleaning stores took 0 ms
Load screen analysis took 0 ms
Analyze screens took 5 ms
Save screen analysis took 7 ms
Save pyanalysis took 0 ms
Save bytecode took 0 ms
Running _start took 0 ms
Interface start took 119 ms

Initializing gl2 renderer:
primary display bounds: (0, 0, 1680, 1050)
swap interval: 1 frames
Windowed mode.
Vendor: 'Apple'
Renderer: 'Apple M1'
Version: '2.1 Metal - 89.4'
Display Info: <Info({'bitsize': 32, 'bytesize': 4, 'masks': (16711680, 65280, 255, 4278190080), 'shifts': (16, 8, 0, 24), 'losses': (0, 0, 0, 0), 'current_w': 1680, 'current_h': 1050, 'refresh_rate': 60, 'hw': False, 'wm': True, 'video_mem': 268435456, 'blit_hw': False, 'blit_hw_CC': False, 'blit_hw_A': False, 'blit_sw': False, 'blit_sw_CC': False, 'blit_sw_A': False})>
Screen sizes: virtual=(1920, 1080) physical=(645, 363) drawable=(1290, 726)
Maximum texture size: 4096x4096
Cleaning stores took 0 ms
Load screen analysis took 23 ms
Analyze screens took 0 ms
Running _start took 1 ms
Resetting cache.
Early init took 7 ms
Loading error handling took 8 ms
Loading script took 60 ms
Loading save slot metadata took 9 ms
Loading persistent took 0 ms
Running init code took 16 ms
Loading analysis data took 2 ms
Analyze and compile ATL took 1 ms
Reloading save slot metadata took 6 ms
Backing up script files to '/Users/kaindoy/Library/RenPy/backups/Inkbound':
Dump and make backups took 23 ms
Cleaning cache took 0 ms
Making clean stores took 0 ms
Initial gc took 32 ms
DPI scale factor: 1.000000
Creating interface object took 0 ms
Init translation took 0 ms
Cleaning stores took 0 ms
Load screen analysis took 0 ms
Analyze screens took 5 ms
Save screen analysis took 7 ms
Save pyanalysis took 0 ms
Save bytecode took 0 ms
Running _start took 0 ms
Interface start took 116 ms

Initializing gl2 renderer:
primary display bounds: (0, 0, 1680, 1050)
swap interval: 1 frames
Windowed mode.
Vendor: 'Apple'
Renderer: 'Apple M1'
Version: '2.1 Metal - 89.4'
Display Info: <Info({'bitsize': 32, 'bytesize': 4, 'masks': (16711680, 65280, 255, 4278190080), 'shifts': (16, 8, 0, 24), 'losses': (0, 0, 0, 0), 'current_w': 1680, 'current_h': 1050, 'refresh_rate': 60, 'hw': False, 'wm': True, 'video_mem': 268435456, 'blit_hw': False, 'blit_hw_CC': False, 'blit_hw_A': False, 'blit_sw': False, 'blit_sw_CC': False, 'blit_sw_A': False})>
Screen sizes: virtual=(1920, 1080) physical=(645, 363) drawable=(1290, 726)
Maximum texture size: 4096x4096
Resetting cache.
Early init took 6 ms
Loading error handling took 8 ms
Loading script took 61 ms
Loading save slot metadata took 10 ms
Loading persistent took 0 ms
Running init code took 16 ms
Loading analysis data took 2 ms
Analyze and compile ATL took 1 ms
Reloading save slot metadata took 6 ms
Backing up script files to '/Users/kaindoy/Library/RenPy/backups/Inkbound':
Dump and make backups took 23 ms
Cleaning cache took 0 ms
Making clean stores took 0 ms
Initial gc took 25 ms
DPI scale factor: 1.000000
Creating interface object took 0 ms
Init translation took 0 ms
Cleaning stores took 0 ms
Load screen analysis took 0 ms
Analyze screens took 5 ms
Save screen analysis took 6 ms
Save pyanalysis took 0 ms
Save bytecode took 0 ms
Running _start took 0 ms
Interface start took 115 ms

Initializing gl2 renderer:
primary display bounds: (0, 0, 1680, 1050)
swap interval: 1 frames
Windowed mode.
Vendor: 'Apple'
Renderer: 'Apple M1'
Version: '2.1 Metal - 89.4'
Display Info: <Info({'bitsize': 32, 'bytesize': 4, 'masks': (16711680, 65280, 255, 4278190080), 'shifts': (16, 8, 0, 24), 'losses': (0, 0, 0, 0), 'current_w': 1680, 'current_h': 1050, 'refresh_rate': 60, 'hw': False, 'wm': True, 'video_mem': 268435456, 'blit_hw': False, 'blit_hw_CC': False, 'blit_hw_A': False, 'blit_sw': False, 'blit_sw_CC': False, 'blit_sw_A': False})>
Screen sizes: virtual=(1920, 1080) physical=(645, 363) drawable=(1290, 726)
Maximum texture size: 4096x4096
Cleaning stores took 0 ms
Load screen analysis took 23 ms
Analyze screens took 0 ms
Running _start took 1 ms
Resetting cache.
Early init took 4 ms
Loading error handling took 9 ms
Loading script took 61 ms
Loading save slot metadata took 9 ms
Loading persistent took 0 ms
Running init code took 16 ms
Loading analysis data took 2 ms
Analyze and compile ATL took 1 ms
Reloading save slot metadata took 5 ms
Backing up script files to '/Users/kaindoy/Library/RenPy/backups/Inkbound':
Dump and make backups took 23 ms
Cleaning cache took 0 ms
Making clean stores took 0 ms
Initial gc took 27 ms
DPI scale factor: 1.000000
Creating interface object took 0 ms
Init translation took 0 ms
Cleaning stores took 0 ms
Load screen analysis took 0 ms
Analyze screens took 5 ms
Save screen analysis took 6 ms
Save pyanalysis took 0 ms
Save bytecode took 0 ms
Running _start took 0 ms
Interface start took 112 ms

Initializing gl2 renderer:
primary display bounds: (0, 0, 1680, 1050)
swap interval: 1 frames
Windowed mode.
Vendor: 'Apple'
Renderer: 'Apple M1'
Version: '2.1 Metal - 89.4'
Display Info: <Info({'bitsize': 32, 'bytesize': 4, 'masks': (16711680, 65280, 255, 4278190080), 'shifts': (16, 8, 0, 24), 'losses': (0, 0, 0, 0), 'current_w': 1680, 'current_h': 1050, 'refresh_rate': 60, 'hw': False, 'wm': True, 'video_mem': 268435456, 'blit_hw': False, 'blit_hw_CC': False, 'blit_hw_A': False, 'blit_sw': False, 'blit_sw_CC': False, 'blit_sw_A': False})>
Screen sizes: virtual=(1920, 1080) physical=(645, 363) drawable=(1290, 726)
Maximum texture size: 4096x4096
Resetting cache.
Early init took 7 ms
Loading error handling took 8 ms
Loading script took 60 ms
Loading save slot metadata took 10 ms
Loading persistent took 0 ms
Running init code took 16 ms
Loading analysis data took 2 ms
Analyze and compile ATL took 1 ms
Reloading save slot metadata took 5 ms
Backing up script files to '/Users/kaindoy/Library/RenPy/backups/Inkbound':
Dump and make backups took 23 ms
Cleaning cache took 0 ms
Making clean stores took 0 ms
Initial gc took 26 ms
DPI scale factor: 1.000000
Creating interface object took 0 ms
Init translation took 0 ms
Cleaning stores took 0 ms
Load screen analysis took 0 ms
Analyze screens took 5 ms
Save screen analysis took 6 ms
Save pyanalysis took 0 ms
Save bytecode took 0 ms
Running _start took 0 ms
Interface start took 113 ms

Initializing gl2 renderer:
primary display bounds: (0, 0, 1680, 1050)
swap interval: 1 frames
Windowed mode.
Vendor: 'Apple'
Renderer: 'Apple M1'
Version: '2.1 Metal - 89.4'
Display Info: <Info({'bitsize': 32, 'bytesize': 4, 'masks': (16711680, 65280, 255, 4278190080), 'shifts': (16, 8, 0, 24), 'losses': (0, 0, 0, 0), 'current_w': 1680, 'current_h': 1050, 'refresh_rate': 60, 'hw': False, 'wm': True, 'video_mem': 268435456, 'blit_hw': False, 'blit_hw_CC': False, 'blit_hw_A': False, 'blit_sw': False, 'blit_sw_CC': False, 'blit_sw_A': False})>
Screen sizes: virtual=(1920, 1080) physical=(645, 363) drawable=(1290, 726)
Maximum texture size: 4096x4096
Cleaning stores took 0 ms
Load screen analysis took 23 ms
Analyze screens took 0 ms
Running _start took 1 ms
